#
# There is insufficient memory for the Java Runtime Environment to continue.
# Native memory allocation (malloc) failed to allocate 1025696 bytes. Error detail: Chunk::new
# Possible reasons:
#   The system is out of physical RAM or swap space
#   This process is running with CompressedOops enabled, and the Java Heap may be blocking the growth of the native heap
# Possible solutions:
#   Reduce memory load on the system
#   Increase physical memory or swap space
#   Check if swap backing store is full
#   Decrease Java heap size (-Xmx/-Xms)
#   Decrease number of Java threads
#   Decrease Java thread stack sizes (-Xss)
#   Set larger code cache with -XX:ReservedCodeCacheSize=
#   JVM is running with Unscaled Compressed Oops mode in which the Java heap is
#     placed in the first 4GB address space. The Java Heap base address is the
#     maximum limit for the native heap growth. Please use -XX:HeapBaseMinAddress
#     to set the Java Heap base and to place the Java Heap above 4GB virtual address.
# This output file may be truncated or incomplete.
#
#  Out of Memory Error (arena.cpp:168), pid=8620, tid=30556
#
# JRE version: OpenJDK Runtime Environment (21.0.8) (build 21.0.8+-14018985-b1038.68)
# Java VM: OpenJDK 64-Bit Server VM (21.0.8+-14018985-b1038.68, mixed mode, tiered, compressed oops, compressed class ptrs, g1 gc, windows-amd64)
# No core dump will be written. Minidumps are not enabled by default on client versions of Windows
#

---------------  S U M M A R Y ------------

Command Line: --add-opens=java.base/java.lang=ALL-UNNAMED --add-opens=java.base/java.lang.invoke=ALL-UNNAMED --add-opens=java.base/java.util=ALL-UNNAMED --add-opens=java.prefs/java.util.prefs=ALL-UNNAMED --add-exports=jdk.compiler/com.sun.tools.javac.api=ALL-UNNAMED --add-exports=jdk.compiler/com.sun.tools.javac.util=ALL-UNNAMED --add-opens=java.base/java.util=ALL-UNNAMED --add-opens=java.prefs/java.util.prefs=ALL-UNNAMED --add-opens=java.base/java.nio.charset=ALL-UNNAMED --add-opens=java.base/java.net=ALL-UNNAMED --add-opens=java.base/java.util.concurrent.atomic=ALL-UNNAMED --add-opens=java.xml/javax.xml.namespace=ALL-UNNAMED -Xmx2048m -Dfile.encoding=UTF-8 -Duser.country=US -Duser.language=en -Duser.variant -javaagent:C:\Users\ajays\.gradle\wrapper\dists\gradle-8.13-bin\5xuhj0ry160q40clulazy9h7d\gradle-8.13\lib\agents\gradle-instrumentation-agent-8.13.jar org.gradle.launcher.daemon.bootstrap.GradleDaemon 8.13

Host: 12th Gen Intel(R) Core(TM) i3-12100, 8 cores, 15G,  Windows 11 , 64 bit Build 26100 (10.0.26100.7623)
Time: Tue Jan 27 00:36:09 2026 India Standard Time elapsed time: 4.181668 seconds (0d 0h 0m 4s)

---------------  T H R E A D  ---------------

Current thread (0x000001f73117b450):  JavaThread "C2 CompilerThread2" daemon [_thread_in_native, id=30556, stack(0x000000bb6bd00000,0x000000bb6be00000) (1024K)]


Current CompileTask:
C2:4181 6139   !   4       java.net.URLClassLoader::findClass (47 bytes)

Stack: [0x000000bb6bd00000,0x000000bb6be00000]
Native frames: (J=compiled Java code, j=interpreted, Vv=VM code, C=native code)
V  [jvm.dll+0x6d68d9]
V  [jvm.dll+0x866693]
V  [jvm.dll+0x868c4e]
V  [jvm.dll+0x869333]
V  [jvm.dll+0x280566]
V  [jvm.dll+0xc07cd]
V  [jvm.dll+0xc0d03]
V  [jvm.dll+0x2f5970]
V  [jvm.dll+0x5ff719]
V  [jvm.dll+0x252362]
V  [jvm.dll+0x25271f]
V  [jvm.dll+0x24aec5]
V  [jvm.dll+0x24871e]
V  [jvm.dll+0x1c73a4]
V  [jvm.dll+0x257f9e]
V  [jvm.dll+0x2564e6]
V  [jvm.dll+0x3f4696]
V  [jvm.dll+0x80eac8]
V  [jvm.dll+0x6d512d]
C  [ucrtbase.dll+0x37b0]
C  [KERNEL32.DLL+0x2e8d7]
C  [ntdll.dll+0x8c53c]


---------------  P R O C E S S  ---------------

Threads class SMR info:
_java_thread_list=0x000001f733de6700, length=54, elements={
0x000001f712f96bd0, 0x000001f72cbb2dc0, 0x000001f72cbc5c30, 0x000001f72cbc6690,
0x000001f72cbdf490, 0x000001f72cbdfef0, 0x000001f72cbe0950, 0x000001f72cbe2fd0,
0x000001f72cbf7880, 0x000001f72cbfab80, 0x000001f7310baeb0, 0x000001f73117ad80,
0x000001f73117b450, 0x000001f732a56bd0, 0x000001f732a599c0, 0x000001f732a5a050,
0x000001f732a578f0, 0x000001f732a57f80, 0x000001f732a58610, 0x000001f732a58ca0,
0x000001f732a59330, 0x000001f732d15a90, 0x000001f732d195a0, 0x000001f732d16e40,
0x000001f732d16120, 0x000001f732d174d0, 0x000001f732d167b0, 0x000001f732d1a950,
0x000001f732d1afe0, 0x000001f732d18f10, 0x000001f732d17b60, 0x000001f732d19c30,
0x000001f732d1b670, 0x000001f732d18880, 0x000001f732d1ca20, 0x000001f732d1d0b0,
0x000001f736752250, 0x000001f736751530, 0x000001f736751bc0, 0x000001f736750ea0,
0x000001f736755d60, 0x000001f7367528e0, 0x000001f736752f70, 0x000001f7367563f0,
0x000001f736756a80, 0x000001f736753600, 0x000001f736753c90, 0x000001f736757110,
0x000001f7367556d0, 0x000001f7367577a0, 0x000001f7367549b0, 0x000001f736754320,
0x000001f736755040, 0x000001f736757e30
}

Java Threads: ( => current thread )
  0x000001f712f96bd0 JavaThread "main"                              [_thread_blocked, id=13276, stack(0x000000bb6aa00000,0x000000bb6ab00000) (1024K)]
  0x000001f72cbb2dc0 JavaThread "Common-Cleaner"             daemon [_thread_blocked, id=18116, stack(0x000000bb6b200000,0x000000bb6b300000) (1024K)]
  0x000001f72cbc5c30 JavaThread "Reference Handler"          daemon [_thread_blocked, id=4728, stack(0x000000bb6b300000,0x000000bb6b400000) (1024K)]
  0x000001f72cbc6690 JavaThread "Finalizer"                  daemon [_thread_blocked, id=20280, stack(0x000000bb6b400000,0x000000bb6b500000) (1024K)]
  0x000001f72cbdf490 JavaThread "Signal Dispatcher"          daemon [_thread_blocked, id=10976, stack(0x000000bb6b500000,0x000000bb6b600000) (1024K)]
  0x000001f72cbdfef0 JavaThread "Attach Listener"            daemon [_thread_blocked, id=31248, stack(0x000000bb6b600000,0x000000bb6b700000) (1024K)]
  0x000001f72cbe0950 JavaThread "Service Thread"             daemon [_thread_blocked, id=17292, stack(0x000000bb6b700000,0x000000bb6b800000) (1024K)]
  0x000001f72cbe2fd0 JavaThread "Monitor Deflation Thread"   daemon [_thread_blocked, id=22780, stack(0x000000bb6b800000,0x000000bb6b900000) (1024K)]
  0x000001f72cbf7880 JavaThread "C2 CompilerThread0"         daemon [_thread_in_native, id=10456, stack(0x000000bb6b900000,0x000000bb6ba00000) (1024K)]
  0x000001f72cbfab80 JavaThread "C1 CompilerThread0"         daemon [_thread_blocked, id=4368, stack(0x000000bb6ba00000,0x000000bb6bb00000) (1024K)]
  0x000001f7310baeb0 JavaThread "Notification Thread"        daemon [_thread_blocked, id=10408, stack(0x000000bb6bb00000,0x000000bb6bc00000) (1024K)]
  0x000001f73117ad80 JavaThread "C2 CompilerThread1"         daemon [_thread_in_native, id=16668, stack(0x000000bb6bc00000,0x000000bb6bd00000) (1024K)]
=>0x000001f73117b450 JavaThread "C2 CompilerThread2"         daemon [_thread_in_native, id=30556, stack(0x000000bb6bd00000,0x000000bb6be00000) (1024K)]
  0x000001f732a56bd0 JavaThread "Daemon health stats"               [_thread_blocked, id=26708, stack(0x000000bb6c300000,0x000000bb6c400000) (1024K)]
  0x000001f732a599c0 JavaThread "Incoming local TCP Connector on port 59911"        [_thread_in_native, id=9080, stack(0x000000bb6c600000,0x000000bb6c700000) (1024K)]
  0x000001f732a5a050 JavaThread "Daemon periodic checks"            [_thread_blocked, id=26688, stack(0x000000bb6c700000,0x000000bb6c800000) (1024K)]
  0x000001f732a578f0 JavaThread "Daemon"                            [_thread_blocked, id=31480, stack(0x000000bb6c800000,0x000000bb6c900000) (1024K)]
  0x000001f732a57f80 JavaThread "Handler for socket connection from /127.0.0.1:59911 to /127.0.0.1:59912"        [_thread_in_native, id=20592, stack(0x000000bb6c900000,0x000000bb6ca00000) (1024K)]
  0x000001f732a58610 JavaThread "Cancel handler"                    [_thread_blocked, id=7028, stack(0x000000bb6ca00000,0x000000bb6cb00000) (1024K)]
  0x000001f732a58ca0 JavaThread "Daemon worker"                     [_thread_in_native, id=7084, stack(0x000000bb6cb00000,0x000000bb6cc00000) (1024K)]
  0x000001f732a59330 JavaThread "Asynchronous log dispatcher for DefaultDaemonConnection: socket connection from /127.0.0.1:59911 to /127.0.0.1:59912"        [_thread_blocked, id=8288, stack(0x000000bb6cc00000,0x000000bb6cd00000) (1024K)]
  0x000001f732d15a90 JavaThread "Stdin handler"                     [_thread_blocked, id=20148, stack(0x000000bb6cd00000,0x000000bb6ce00000) (1024K)]
  0x000001f732d195a0 JavaThread "Daemon client event forwarder"        [_thread_blocked, id=12808, stack(0x000000bb6ce00000,0x000000bb6cf00000) (1024K)]
  0x000001f732d16e40 JavaThread "Cache worker for journal cache (C:\Users\ajays\.gradle\caches\journal-1)"        [_thread_blocked, id=10616, stack(0x000000bb6d000000,0x000000bb6d100000) (1024K)]
  0x000001f732d16120 JavaThread "File lock request listener"        [_thread_in_native, id=21112, stack(0x000000bb6d100000,0x000000bb6d200000) (1024K)]
  0x000001f732d174d0 JavaThread "Cache worker for file hash cache (C:\Users\ajays\.gradle\caches\8.13\fileHashes)"        [_thread_blocked, id=14536, stack(0x000000bb6d200000,0x000000bb6d300000) (1024K)]
  0x000001f732d167b0 JavaThread "Cache worker for file hash cache (D:\android\Teamozy\.gradle\8.13\fileHashes)"        [_thread_blocked, id=23464, stack(0x000000bb6d300000,0x000000bb6d400000) (1024K)]
  0x000001f732d1a950 JavaThread "Cache worker for Build Output Cleanup Cache (D:\android\Teamozy\.gradle\buildOutputCleanup)"        [_thread_blocked, id=3092, stack(0x000000bb6d400000,0x000000bb6d500000) (1024K)]
  0x000001f732d1afe0 JavaThread "File watcher server"        daemon [_thread_in_native, id=27100, stack(0x000000bb6d500000,0x000000bb6d600000) (1024K)]
  0x000001f732d18f10 JavaThread "File watcher consumer"      daemon [_thread_blocked, id=10836, stack(0x000000bb6d600000,0x000000bb6d700000) (1024K)]
  0x000001f732d17b60 JavaThread "jar transforms"                    [_thread_blocked, id=15208, stack(0x000000bb6d700000,0x000000bb6d800000) (1024K)]
  0x000001f732d19c30 JavaThread "jar transforms Thread 2"           [_thread_blocked, id=31972, stack(0x000000bb6d800000,0x000000bb6d900000) (1024K)]
  0x000001f732d1b670 JavaThread "Cache worker for checksums cache (D:\android\Teamozy\.gradle\8.13\checksums)"        [_thread_blocked, id=11316, stack(0x000000bb6d900000,0x000000bb6da00000) (1024K)]
  0x000001f732d18880 JavaThread "Cache worker for file content cache (C:\Users\ajays\.gradle\caches\8.13\fileContent)"        [_thread_blocked, id=6868, stack(0x000000bb6da00000,0x000000bb6db00000) (1024K)]
  0x000001f732d1ca20 JavaThread "jar transforms Thread 3"           [_thread_blocked, id=12868, stack(0x000000bb6db00000,0x000000bb6dc00000) (1024K)]
  0x000001f732d1d0b0 JavaThread "Cache worker for cache directory md-supplier (C:\Users\ajays\.gradle\caches\8.13\md-supplier)"        [_thread_blocked, id=8564, stack(0x000000bb6dc00000,0x000000bb6dd00000) (1024K)]
  0x000001f736752250 JavaThread "Cache worker for cache directory md-rule (C:\Users\ajays\.gradle\caches\8.13\md-rule)"        [_thread_blocked, id=5368, stack(0x000000bb6dd00000,0x000000bb6de00000) (1024K)]
  0x000001f736751530 JavaThread "Unconstrained build operations"        [_thread_blocked, id=25460, stack(0x000000bb6de00000,0x000000bb6df00000) (1024K)]
  0x000001f736751bc0 JavaThread "Unconstrained build operations Thread 2"        [_thread_blocked, id=27276, stack(0x000000bb6df00000,0x000000bb6e000000) (1024K)]
  0x000001f736750ea0 JavaThread "Unconstrained build operations Thread 3"        [_thread_blocked, id=22392, stack(0x000000bb6e000000,0x000000bb6e100000) (1024K)]
  0x000001f736755d60 JavaThread "Unconstrained build operations Thread 4"        [_thread_blocked, id=20988, stack(0x000000bb6e100000,0x000000bb6e200000) (1024K)]
  0x000001f7367528e0 JavaThread "Unconstrained build operations Thread 5"        [_thread_blocked, id=23420, stack(0x000000bb6e200000,0x000000bb6e300000) (1024K)]
  0x000001f736752f70 JavaThread "Unconstrained build operations Thread 6"        [_thread_blocked, id=25312, stack(0x000000bb6e300000,0x000000bb6e400000) (1024K)]
  0x000001f7367563f0 JavaThread "Unconstrained build operations Thread 7"        [_thread_blocked, id=23444, stack(0x000000bb6e400000,0x000000bb6e500000) (1024K)]
  0x000001f736756a80 JavaThread "Unconstrained build operations Thread 8"        [_thread_blocked, id=7032, stack(0x000000bb6e500000,0x000000bb6e600000) (1024K)]
  0x000001f736753600 JavaThread "jar transforms Thread 4"           [_thread_blocked, id=26596, stack(0x000000bb6e600000,0x000000bb6e700000) (1024K)]
  0x000001f736753c90 JavaThread "jar transforms Thread 5"           [_thread_blocked, id=31332, stack(0x000000bb6e700000,0x000000bb6e800000) (1024K)]
  0x000001f736757110 JavaThread "Unconstrained build operations Thread 9"        [_thread_blocked, id=31568, stack(0x000000bb6e800000,0x000000bb6e900000) (1024K)]
  0x000001f7367556d0 JavaThread "Unconstrained build operations Thread 10"        [_thread_blocked, id=18492, stack(0x000000bb6e900000,0x000000bb6ea00000) (1024K)]
  0x000001f7367577a0 JavaThread "Unconstrained build operations Thread 11"        [_thread_blocked, id=10720, stack(0x000000bb6ea00000,0x000000bb6eb00000) (1024K)]
  0x000001f7367549b0 JavaThread "Unconstrained build operations Thread 12"        [_thread_blocked, id=16556, stack(0x000000bb6eb00000,0x000000bb6ec00000) (1024K)]
  0x000001f736754320 JavaThread "jar transforms Thread 6"           [_thread_blocked, id=20472, stack(0x000000bb6ec00000,0x000000bb6ed00000) (1024K)]
  0x000001f736755040 JavaThread "jar transforms Thread 7"           [_thread_blocked, id=32580, stack(0x000000bb6ed00000,0x000000bb6ee00000) (1024K)]
  0x000001f736757e30 JavaThread "jar transforms Thread 8"           [_thread_blocked, id=7328, stack(0x000000bb6ee00000,0x000000bb6ef00000) (1024K)]
Total: 54

Other Threads:
  0x000001f72cb3d200 VMThread "VM Thread"                           [id=4312, stack(0x000000bb6b100000,0x000000bb6b200000) (1024K)]
  0x000001f72cb309d0 WatcherThread "VM Periodic Task Thread"        [id=26364, stack(0x000000bb6b000000,0x000000bb6b100000) (1024K)]
  0x000001f71305e060 WorkerThread "GC Thread#0"                     [id=9400, stack(0x000000bb6ab00000,0x000000bb6ac00000) (1024K)]
  0x000001f73152af90 WorkerThread "GC Thread#1"                     [id=23160, stack(0x000000bb6be00000,0x000000bb6bf00000) (1024K)]
  0x000001f73177cf70 WorkerThread "GC Thread#2"                     [id=27296, stack(0x000000bb6bf00000,0x000000bb6c000000) (1024K)]
  0x000001f73177d310 WorkerThread "GC Thread#3"                     [id=16624, stack(0x000000bb6c000000,0x000000bb6c100000) (1024K)]
  0x000001f7313a23d0 WorkerThread "GC Thread#4"                     [id=21932, stack(0x000000bb6c100000,0x000000bb6c200000) (1024K)]
  0x000001f7313a2b70 WorkerThread "GC Thread#5"                     [id=7688, stack(0x000000bb6c200000,0x000000bb6c300000) (1024K)]
  0x000001f7329c45a0 WorkerThread "GC Thread#6"                     [id=10512, stack(0x000000bb6c400000,0x000000bb6c500000) (1024K)]
  0x000001f732b32820 WorkerThread "GC Thread#7"                     [id=10324, stack(0x000000bb6c500000,0x000000bb6c600000) (1024K)]
  0x000001f7153f5a40 ConcurrentGCThread "G1 Main Marker"            [id=3472, stack(0x000000bb6ac00000,0x000000bb6ad00000) (1024K)]
  0x000001f7153f6450 WorkerThread "G1 Conc#0"                       [id=15720, stack(0x000000bb6ad00000,0x000000bb6ae00000) (1024K)]
  0x000001f732b0d6f0 WorkerThread "G1 Conc#1"                       [id=16700, stack(0x000000bb6cf00000,0x000000bb6d000000) (1024K)]
  0x000001f72c9a6840 ConcurrentGCThread "G1 Refine#0"               [id=18096, stack(0x000000bb6ae00000,0x000000bb6af00000) (1024K)]
  0x000001f72c9a72c0 ConcurrentGCThread "G1 Service"                [id=27128, stack(0x000000bb6af00000,0x000000bb6b000000) (1024K)]
Total: 15

Threads with active compile tasks:
C2 CompilerThread0  4193 6148   !   4       java.net.URLClassLoader$1::run (81 bytes)
C2 CompilerThread1  4193 6142       4       java.net.URLClassLoader$1::run (5 bytes)
C2 CompilerThread2  4193 6139   !   4       java.net.URLClassLoader::findClass (47 bytes)
Total: 3

VM state: not at safepoint (normal execution)

VM Mutex/Monitor currently owned by a thread: None

Heap address: 0x0000000080000000, size: 2048 MB, Compressed Oops mode: 32-bit

CDS archive(s) not mapped
Compressed class space mapped at: 0x0000000100000000-0x0000000140000000, reserved size: 1073741824
Narrow klass base: 0x0000000000000000, Narrow klass shift: 3, Narrow klass range: 0x140000000

GC Precious Log:
 CardTable entry size: 512
 Card Set container configuration: InlinePtr #cards 5 size 8 Array Of Cards #cards 12 size 40 Howl #buckets 4 coarsen threshold 1843 Howl Bitmap #cards 512 size 80 coarsen threshold 460 Card regions per heap region 1 cards per card region 2048
 CPUs: 8 total, 8 available
 Memory: 16153M
 Large Page Support: Disabled
 NUMA Support: Disabled
 Compressed Oops: Enabled (32-bit)
 Heap Region Size: 1M
 Heap Min Capacity: 8M
 Heap Initial Capacity: 254M
 Heap Max Capacity: 2G
 Pre-touch: Disabled
 Parallel Workers: 8
 Concurrent Workers: 2
 Concurrent Refinement Workers: 8
 Periodic GC: Disabled

Heap:
 garbage-first heap   total 100352K, used 64548K [0x0000000080000000, 0x0000000100000000)
  region size 1024K, 24 young (24576K), 5 survivors (5120K)
 Metaspace       used 68977K, committed 70592K, reserved 1114112K
  class space    used 9764K, committed 10560K, reserved 1048576K

Heap Regions: E=young(eden), S=young(survivor), O=old, HS=humongous(starts), HC=humongous(continues), CS=collection set, F=free, TAMS=top-at-mark-start, PB=parsable bottom
|   0|0x0000000080000000, 0x0000000080100000, 0x0000000080100000|100%|HS|  |TAMS 0x0000000080000000| PB 0x0000000080000000| Complete 
|   1|0x0000000080100000, 0x0000000080200000, 0x0000000080200000|100%|HC|  |TAMS 0x0000000080100000| PB 0x0000000080100000| Complete 
|   2|0x0000000080200000, 0x0000000080300000, 0x0000000080300000|100%|HC|  |TAMS 0x0000000080200000| PB 0x0000000080200000| Complete 
|   3|0x0000000080300000, 0x0000000080400000, 0x0000000080400000|100%| O|  |TAMS 0x0000000080300000| PB 0x0000000080300000| Untracked 
|   4|0x0000000080400000, 0x0000000080500000, 0x0000000080500000|100%| O|  |TAMS 0x0000000080400000| PB 0x0000000080400000| Untracked 
|   5|0x0000000080500000, 0x0000000080600000, 0x0000000080600000|100%| O|  |TAMS 0x0000000080500000| PB 0x0000000080500000| Untracked 
|   6|0x0000000080600000, 0x0000000080700000, 0x0000000080700000|100%|HS|  |TAMS 0x0000000080600000| PB 0x0000000080600000| Complete 
|   7|0x0000000080700000, 0x0000000080800000, 0x0000000080800000|100%| O|  |TAMS 0x0000000080700000| PB 0x0000000080700000| Untracked 
|   8|0x0000000080800000, 0x0000000080900000, 0x0000000080900000|100%| O|  |TAMS 0x0000000080800000| PB 0x0000000080800000| Untracked 
|   9|0x0000000080900000, 0x0000000080a00000, 0x0000000080a00000|100%| O|  |TAMS 0x0000000080900000| PB 0x0000000080900000| Untracked 
|  10|0x0000000080a00000, 0x0000000080b00000, 0x0000000080b00000|100%| O|  |TAMS 0x0000000080a00000| PB 0x0000000080a00000| Untracked 
|  11|0x0000000080b00000, 0x0000000080c00000, 0x0000000080c00000|100%| O|  |TAMS 0x0000000080b00000| PB 0x0000000080b00000| Untracked 
|  12|0x0000000080c00000, 0x0000000080d00000, 0x0000000080d00000|100%| O|  |TAMS 0x0000000080c00000| PB 0x0000000080c00000| Untracked 
|  13|0x0000000080d00000, 0x0000000080e00000, 0x0000000080e00000|100%| O|  |TAMS 0x0000000080d00000| PB 0x0000000080d00000| Untracked 
|  14|0x0000000080e00000, 0x0000000080f00000, 0x0000000080f00000|100%| O|  |TAMS 0x0000000080e00000| PB 0x0000000080e00000| Untracked 
|  15|0x0000000080f00000, 0x0000000081000000, 0x0000000081000000|100%| O|  |TAMS 0x0000000080f00000| PB 0x0000000080f00000| Untracked 
|  16|0x0000000081000000, 0x0000000081100000, 0x0000000081100000|100%| O|  |TAMS 0x0000000081000000| PB 0x0000000081000000| Untracked 
|  17|0x0000000081100000, 0x0000000081200000, 0x0000000081200000|100%| O|  |TAMS 0x0000000081100000| PB 0x0000000081100000| Untracked 
|  18|0x0000000081200000, 0x0000000081300000, 0x0000000081300000|100%| O|  |TAMS 0x0000000081200000| PB 0x0000000081200000| Untracked 
|  19|0x0000000081300000, 0x0000000081400000, 0x0000000081400000|100%| O|  |TAMS 0x0000000081300000| PB 0x0000000081300000| Untracked 
|  20|0x0000000081400000, 0x0000000081500000, 0x0000000081500000|100%| O|  |TAMS 0x0000000081400000| PB 0x0000000081400000| Untracked 
|  21|0x0000000081500000, 0x0000000081600000, 0x0000000081600000|100%| O|  |TAMS 0x0000000081500000| PB 0x0000000081500000| Untracked 
|  22|0x0000000081600000, 0x0000000081700000, 0x0000000081700000|100%| O|  |TAMS 0x0000000081600000| PB 0x0000000081600000| Untracked 
|  23|0x0000000081700000, 0x0000000081800000, 0x0000000081800000|100%| O|  |TAMS 0x0000000081700000| PB 0x0000000081700000| Untracked 
|  24|0x0000000081800000, 0x0000000081900000, 0x0000000081900000|100%| O|  |TAMS 0x0000000081800000| PB 0x0000000081800000| Untracked 
|  25|0x0000000081900000, 0x0000000081a00000, 0x0000000081a00000|100%| O|  |TAMS 0x0000000081900000| PB 0x0000000081900000| Untracked 
|  26|0x0000000081a00000, 0x0000000081b00000, 0x0000000081b00000|100%| O|  |TAMS 0x0000000081a00000| PB 0x0000000081a00000| Untracked 
|  27|0x0000000081b00000, 0x0000000081b09278, 0x0000000081c00000|  3%| O|  |TAMS 0x0000000081b00000| PB 0x0000000081b00000| Untracked 
|  28|0x0000000081c00000, 0x0000000081d00000, 0x0000000081d00000|100%| O|Cm|TAMS 0x0000000081c00000| PB 0x0000000081c00000| Complete 
|  29|0x0000000081d00000, 0x0000000081d00000, 0x0000000081e00000|  0%| F|  |TAMS 0x0000000081d00000| PB 0x0000000081d00000| Untracked 
|  30|0x0000000081e00000, 0x0000000081f00000, 0x0000000081f00000|100%| O|  |TAMS 0x0000000081e00000| PB 0x0000000081e00000| Untracked 
|  31|0x0000000081f00000, 0x0000000082000000, 0x0000000082000000|100%| O|  |TAMS 0x0000000081f00000| PB 0x0000000081f00000| Untracked 
|  32|0x0000000082000000, 0x0000000082100000, 0x0000000082100000|100%| O|  |TAMS 0x0000000082000000| PB 0x0000000082000000| Untracked 
|  33|0x0000000082100000, 0x0000000082200000, 0x0000000082200000|100%| O|  |TAMS 0x0000000082100000| PB 0x0000000082100000| Untracked 
|  34|0x0000000082200000, 0x0000000082300000, 0x0000000082300000|100%| O|  |TAMS 0x0000000082200000| PB 0x0000000082200000| Untracked 
|  35|0x0000000082300000, 0x0000000082400000, 0x0000000082400000|100%| O|  |TAMS 0x0000000082300000| PB 0x0000000082300000| Untracked 
|  36|0x0000000082400000, 0x0000000082500000, 0x0000000082500000|100%| O|  |TAMS 0x0000000082400000| PB 0x0000000082400000| Untracked 
|  37|0x0000000082500000, 0x0000000082600000, 0x0000000082600000|100%| O|Cm|TAMS 0x0000000082500000| PB 0x0000000082500000| Complete 
|  38|0x0000000082600000, 0x0000000082700000, 0x0000000082700000|100%| O|  |TAMS 0x0000000082600000| PB 0x0000000082600000| Untracked 
|  39|0x0000000082700000, 0x0000000082800000, 0x0000000082800000|100%| O|  |TAMS 0x0000000082700000| PB 0x0000000082700000| Untracked 
|  40|0x0000000082800000, 0x0000000082900000, 0x0000000082900000|100%| O|  |TAMS 0x0000000082800000| PB 0x0000000082800000| Untracked 
|  41|0x0000000082900000, 0x0000000082900000, 0x0000000082a00000|  0%| F|  |TAMS 0x0000000082900000| PB 0x0000000082900000| Untracked 
|  42|0x0000000082a00000, 0x0000000082b00000, 0x0000000082b00000|100%| S|CS|TAMS 0x0000000082a00000| PB 0x0000000082a00000| Complete 
|  43|0x0000000082b00000, 0x0000000082c00000, 0x0000000082c00000|100%| S|CS|TAMS 0x0000000082b00000| PB 0x0000000082b00000| Complete 
|  44|0x0000000082c00000, 0x0000000082d00000, 0x0000000082d00000|100%| O|  |TAMS 0x0000000082c00000| PB 0x0000000082c00000| Untracked 
|  45|0x0000000082d00000, 0x0000000082e00000, 0x0000000082e00000|100%| S|CS|TAMS 0x0000000082d00000| PB 0x0000000082d00000| Complete 
|  46|0x0000000082e00000, 0x0000000082e00000, 0x0000000082f00000|  0%| F|  |TAMS 0x0000000082e00000| PB 0x0000000082e00000| Untracked 
|  47|0x0000000082f00000, 0x0000000083000000, 0x0000000083000000|100%| S|CS|TAMS 0x0000000082f00000| PB 0x0000000082f00000| Complete 
|  48|0x0000000083000000, 0x0000000083100000, 0x0000000083100000|100%| S|CS|TAMS 0x0000000083000000| PB 0x0000000083000000| Complete 
|  49|0x0000000083100000, 0x0000000083100000, 0x0000000083200000|  0%| F|  |TAMS 0x0000000083100000| PB 0x0000000083100000| Untracked 
|  50|0x0000000083200000, 0x0000000083200000, 0x0000000083300000|  0%| F|  |TAMS 0x0000000083200000| PB 0x0000000083200000| Untracked 
|  51|0x0000000083300000, 0x0000000083300000, 0x0000000083400000|  0%| F|  |TAMS 0x0000000083300000| PB 0x0000000083300000| Untracked 
|  52|0x0000000083400000, 0x0000000083400000, 0x0000000083500000|  0%| F|  |TAMS 0x0000000083400000| PB 0x0000000083400000| Untracked 
|  53|0x0000000083500000, 0x0000000083500000, 0x0000000083600000|  0%| F|  |TAMS 0x0000000083500000| PB 0x0000000083500000| Untracked 
|  54|0x0000000083600000, 0x0000000083600000, 0x0000000083700000|  0%| F|  |TAMS 0x0000000083600000| PB 0x0000000083600000| Untracked 
|  55|0x0000000083700000, 0x0000000083700000, 0x0000000083800000|  0%| F|  |TAMS 0x0000000083700000| PB 0x0000000083700000| Untracked 
|  56|0x0000000083800000, 0x0000000083800000, 0x0000000083900000|  0%| F|  |TAMS 0x0000000083800000| PB 0x0000000083800000| Untracked 
|  57|0x0000000083900000, 0x0000000083900000, 0x0000000083a00000|  0%| F|  |TAMS 0x0000000083900000| PB 0x0000000083900000| Untracked 
|  58|0x0000000083a00000, 0x0000000083a00000, 0x0000000083b00000|  0%| F|  |TAMS 0x0000000083a00000| PB 0x0000000083a00000| Untracked 
|  59|0x0000000083b00000, 0x0000000083b00000, 0x0000000083c00000|  0%| F|  |TAMS 0x0000000083b00000| PB 0x0000000083b00000| Untracked 
|  60|0x0000000083c00000, 0x0000000083c00000, 0x0000000083d00000|  0%| F|  |TAMS 0x0000000083c00000| PB 0x0000000083c00000| Untracked 
|  61|0x0000000083d00000, 0x0000000083d00000, 0x0000000083e00000|  0%| F|  |TAMS 0x0000000083d00000| PB 0x0000000083d00000| Untracked 
|  62|0x0000000083e00000, 0x0000000083e00000, 0x0000000083f00000|  0%| F|  |TAMS 0x0000000083e00000| PB 0x0000000083e00000| Untracked 
|  63|0x0000000083f00000, 0x0000000083f00000, 0x0000000084000000|  0%| F|  |TAMS 0x0000000083f00000| PB 0x0000000083f00000| Untracked 
|  64|0x0000000084000000, 0x0000000084000000, 0x0000000084100000|  0%| F|  |TAMS 0x0000000084000000| PB 0x0000000084000000| Untracked 
|  65|0x0000000084100000, 0x0000000084100000, 0x0000000084200000|  0%| F|  |TAMS 0x0000000084100000| PB 0x0000000084100000| Untracked 
|  66|0x0000000084200000, 0x0000000084200000, 0x0000000084300000|  0%| F|  |TAMS 0x0000000084200000| PB 0x0000000084200000| Untracked 
|  67|0x0000000084300000, 0x0000000084300000, 0x0000000084400000|  0%| F|  |TAMS 0x0000000084300000| PB 0x0000000084300000| Untracked 
|  68|0x0000000084400000, 0x0000000084400000, 0x0000000084500000|  0%| F|  |TAMS 0x0000000084400000| PB 0x0000000084400000| Untracked 
|  69|0x0000000084500000, 0x0000000084500000, 0x0000000084600000|  0%| F|  |TAMS 0x0000000084500000| PB 0x0000000084500000| Untracked 
|  70|0x0000000084600000, 0x0000000084600000, 0x0000000084700000|  0%| F|  |TAMS 0x0000000084600000| PB 0x0000000084600000| Untracked 
|  71|0x0000000084700000, 0x0000000084700000, 0x0000000084800000|  0%| F|  |TAMS 0x0000000084700000| PB 0x0000000084700000| Untracked 
|  72|0x0000000084800000, 0x0000000084800000, 0x0000000084900000|  0%| F|  |TAMS 0x0000000084800000| PB 0x0000000084800000| Untracked 
|  73|0x0000000084900000, 0x0000000084900000, 0x0000000084a00000|  0%| F|  |TAMS 0x0000000084900000| PB 0x0000000084900000| Untracked 
|  74|0x0000000084a00000, 0x0000000084a00000, 0x0000000084b00000|  0%| F|  |TAMS 0x0000000084a00000| PB 0x0000000084a00000| Untracked 
|  75|0x0000000084b00000, 0x0000000084b00000, 0x0000000084c00000|  0%| F|  |TAMS 0x0000000084b00000| PB 0x0000000084b00000| Untracked 
|  76|0x0000000084c00000, 0x0000000084c00000, 0x0000000084d00000|  0%| F|  |TAMS 0x0000000084c00000| PB 0x0000000084c00000| Untracked 
|  77|0x0000000084d00000, 0x0000000084d00000, 0x0000000084e00000|  0%| F|  |TAMS 0x0000000084d00000| PB 0x0000000084d00000| Untracked 
|  78|0x0000000084e00000, 0x0000000084e80000, 0x0000000084f00000| 50%| E|  |TAMS 0x0000000084e00000| PB 0x0000000084e00000| Complete 
|  79|0x0000000084f00000, 0x0000000085000000, 0x0000000085000000|100%| E|CS|TAMS 0x0000000084f00000| PB 0x0000000084f00000| Complete 
|  80|0x0000000085000000, 0x0000000085100000, 0x0000000085100000|100%| E|CS|TAMS 0x0000000085000000| PB 0x0000000085000000| Complete 
|  81|0x0000000085100000, 0x0000000085200000, 0x0000000085200000|100%| E|CS|TAMS 0x0000000085100000| PB 0x0000000085100000| Complete 
|  82|0x0000000085200000, 0x0000000085300000, 0x0000000085300000|100%| E|CS|TAMS 0x0000000085200000| PB 0x0000000085200000| Complete 
|  83|0x0000000085300000, 0x0000000085400000, 0x0000000085400000|100%| E|CS|TAMS 0x0000000085300000| PB 0x0000000085300000| Complete 
|  84|0x0000000085400000, 0x0000000085500000, 0x0000000085500000|100%| E|CS|TAMS 0x0000000085400000| PB 0x0000000085400000| Complete 
|  85|0x0000000085500000, 0x0000000085600000, 0x0000000085600000|100%| E|CS|TAMS 0x0000000085500000| PB 0x0000000085500000| Complete 
|  86|0x0000000085600000, 0x0000000085700000, 0x0000000085700000|100%| E|CS|TAMS 0x0000000085600000| PB 0x0000000085600000| Complete 
| 226|0x000000008e200000, 0x000000008e300000, 0x000000008e300000|100%| E|CS|TAMS 0x000000008e200000| PB 0x000000008e200000| Complete 
| 227|0x000000008e300000, 0x000000008e400000, 0x000000008e400000|100%| E|CS|TAMS 0x000000008e300000| PB 0x000000008e300000| Complete 
| 228|0x000000008e400000, 0x000000008e500000, 0x000000008e500000|100%| E|CS|TAMS 0x000000008e400000| PB 0x000000008e400000| Complete 
| 229|0x000000008e500000, 0x000000008e600000, 0x000000008e600000|100%| E|CS|TAMS 0x000000008e500000| PB 0x000000008e500000| Complete 
| 230|0x000000008e600000, 0x000000008e700000, 0x000000008e700000|100%| E|CS|TAMS 0x000000008e600000| PB 0x000000008e600000| Complete 
| 231|0x000000008e700000, 0x000000008e800000, 0x000000008e800000|100%| E|CS|TAMS 0x000000008e700000| PB 0x000000008e700000| Complete 
| 232|0x000000008e800000, 0x000000008e900000, 0x000000008e900000|100%| E|CS|TAMS 0x000000008e800000| PB 0x000000008e800000| Complete 
| 233|0x000000008e900000, 0x000000008ea00000, 0x000000008ea00000|100%| E|CS|TAMS 0x000000008e900000| PB 0x000000008e900000| Complete 
| 234|0x000000008ea00000, 0x000000008eb00000, 0x000000008eb00000|100%| E|CS|TAMS 0x000000008ea00000| PB 0x000000008ea00000| Complete 
| 252|0x000000008fc00000, 0x000000008fd00000, 0x000000008fd00000|100%| E|CS|TAMS 0x000000008fc00000| PB 0x000000008fc00000| Complete 
| 253|0x000000008fd00000, 0x000000008fe00000, 0x000000008fe00000|100%| E|CS|TAMS 0x000000008fd00000| PB 0x000000008fd00000| Complete 

Card table byte_map: [0x000001f727c10000,0x000001f728010000] _byte_map_base: 0x000001f727810000

Marking Bits: (CMBitMap*) 0x000001f71305e670
 Bits: [0x000001f728010000, 0x000001f72a010000)

Polling page: 0x000001f713410000

Metaspace:

Usage:
  Non-class:     57.83 MB used.
      Class:      9.54 MB used.
       Both:     67.37 MB used.

Virtual space:
  Non-class space:       64.00 MB reserved,      58.69 MB ( 92%) committed,  1 nodes.
      Class space:        1.00 GB reserved,      10.31 MB (  1%) committed,  1 nodes.
             Both:        1.06 GB reserved,      69.00 MB (  6%) committed. 

Chunk freelists:
   Non-Class:  4.92 MB
       Class:  5.64 MB
        Both:  10.56 MB

MaxMetaspaceSize: unlimited
CompressedClassSpaceSize: 1.00 GB
Initial GC threshold: 21.00 MB
Current GC threshold: 111.25 MB
CDS: off
 - commit_granule_bytes: 65536.
 - commit_granule_words: 8192.
 - virtual_space_node_default_size: 8388608.
 - enlarge_chunks_in_place: 1.
 - use_allocation_guard: 0.


Internal statistics:

num_allocs_failed_limit: 6.
num_arena_births: 3144.
num_arena_deaths: 0.
num_vsnodes_births: 2.
num_vsnodes_deaths: 0.
num_space_committed: 1104.
num_space_uncommitted: 0.
num_chunks_returned_to_freelist: 6.
num_chunks_taken_from_freelist: 5964.
num_chunk_merges: 3.
num_chunk_splits: 3881.
num_chunks_enlarged: 2395.
num_inconsistent_stats: 0.

CodeHeap 'non-profiled nmethods': size=120000Kb used=3195Kb max_used=3583Kb free=116804Kb
 bounds [0x000001f71ffb0000, 0x000001f720330000, 0x000001f7274e0000]
CodeHeap 'profiled nmethods': size=120000Kb used=9376Kb max_used=10229Kb free=110623Kb
 bounds [0x000001f7184e0000, 0x000001f718ee0000, 0x000001f71fa10000]
CodeHeap 'non-nmethods': size=5760Kb used=2744Kb max_used=2772Kb free=3016Kb
 bounds [0x000001f71fa10000, 0x000001f71fcd0000, 0x000001f71ffb0000]
CodeCache: size=245760Kb, used=15315Kb, max_used=16584Kb, free=230443Kb
 total_blobs=6090, nmethods=5203, adapters=791, full_count=0
Compilation: enabled, stopped_count=0, restarted_count=0

Compilation events (20 events):
Event: 4.158 Thread 0x000001f72cbfab80 6159       3       com.google.common.collect.ImmutableSet$RegularSetBuilderImpl::review (86 bytes)
Event: 4.158 Thread 0x000001f72cbfab80 nmethod 6159 0x000001f718558d90 code [0x000001f718558fe0, 0x000001f7185594c0]
Event: 4.158 Thread 0x000001f72cbfab80 6160       3       com.google.common.collect.ImmutableSet$RegularSetBuilderImpl::build (110 bytes)
Event: 4.158 Thread 0x000001f72cbfab80 nmethod 6160 0x000001f7188abb90 code [0x000001f7188abe40, 0x000001f7188acbf0]
Event: 4.159 Thread 0x000001f72cbfab80 6161       3       com.google.common.collect.ImmutableMapEntrySet$RegularEntrySet::iterator (5 bytes)
Event: 4.159 Thread 0x000001f72cbfab80 nmethod 6161 0x000001f71868bb90 code [0x000001f71868bd40, 0x000001f71868bf70]
Event: 4.159 Thread 0x000001f72cbfab80 6162       3       com.google.common.collect.ImmutableMapEntrySet$RegularEntrySet::iterator (8 bytes)
Event: 4.159 Thread 0x000001f72cbfab80 nmethod 6162 0x000001f7186bea90 code [0x000001f7186bec40, 0x000001f7186bee10]
Event: 4.161 Thread 0x000001f72cbfab80 6163       3       com.google.common.cache.LocalCache::usesWriteQueue (5 bytes)
Event: 4.161 Thread 0x000001f72cbfab80 nmethod 6163 0x000001f7186d2390 code [0x000001f7186d2540, 0x000001f7186d2718]
Event: 4.161 Thread 0x000001f72cbfab80 6164       3       com.google.common.cache.LocalCache$Segment::newEntryArray (9 bytes)
Event: 4.161 Thread 0x000001f72cbfab80 nmethod 6164 0x000001f718826c90 code [0x000001f718826e40, 0x000001f718827148]
Event: 4.161 Thread 0x000001f72cbfab80 6165       3       java.lang.invoke.InvokerBytecodeGenerator::addMethod (725 bytes)
Event: 4.163 Thread 0x000001f72cbfab80 nmethod 6165 0x000001f718652010 code [0x000001f718652580, 0x000001f718654840]
Event: 4.163 Thread 0x000001f72cbfab80 6166       3       java.lang.invoke.LambdaForm$Name::<init> (19 bytes)
Event: 4.163 Thread 0x000001f72cbfab80 nmethod 6166 0x000001f718528390 code [0x000001f7185285c0, 0x000001f718528c50]
Event: 4.165 Thread 0x000001f72cbf7880 nmethod 6138 0x000001f72019be90 code [0x000001f72019c400, 0x000001f72019fd58]
Event: 4.165 Thread 0x000001f72cbf7880 6148   !   4       java.net.URLClassLoader$1::run (81 bytes)
Event: 4.172 Thread 0x000001f72cbfab80 6167       3       java.util.concurrent.atomic.AtomicBoolean::<init> (5 bytes)
Event: 4.173 Thread 0x000001f72cbfab80 nmethod 6167 0x000001f7186b2a90 code [0x000001f7186b2c40, 0x000001f7186b2da8]

GC Heap History (20 events):
Event: 2.082 GC heap before
{Heap before GC invocations=7 (full 0):
 garbage-first heap   total 68608K, used 48550K [0x0000000080000000, 0x0000000100000000)
  region size 1024K, 30 young (30720K), 4 survivors (4096K)
 Metaspace       used 35166K, committed 35968K, reserved 1114112K
  class space    used 4880K, committed 5248K, reserved 1048576K
}
Event: 2.084 GC heap after
{Heap after GC invocations=8 (full 0):
 garbage-first heap   total 68608K, used 25966K [0x0000000080000000, 0x0000000100000000)
  region size 1024K, 5 young (5120K), 5 survivors (5120K)
 Metaspace       used 35166K, committed 35968K, reserved 1114112K
  class space    used 4880K, committed 5248K, reserved 1048576K
}
Event: 2.411 GC heap before
{Heap before GC invocations=9 (full 0):
 garbage-first heap   total 68608K, used 56686K [0x0000000080000000, 0x0000000100000000)
  region size 1024K, 36 young (36864K), 5 survivors (5120K)
 Metaspace       used 41659K, committed 42560K, reserved 1114112K
  class space    used 5763K, committed 6208K, reserved 1048576K
}
Event: 2.415 GC heap after
{Heap after GC invocations=10 (full 0):
 garbage-first heap   total 68608K, used 29166K [0x0000000080000000, 0x0000000100000000)
  region size 1024K, 5 young (5120K), 5 survivors (5120K)
 Metaspace       used 41659K, committed 42560K, reserved 1114112K
  class space    used 5763K, committed 6208K, reserved 1048576K
}
Event: 2.577 GC heap before
{Heap before GC invocations=10 (full 0):
 garbage-first heap   total 68608K, used 58862K [0x0000000080000000, 0x0000000100000000)
  region size 1024K, 34 young (34816K), 5 survivors (5120K)
 Metaspace       used 43934K, committed 44800K, reserved 1114112K
  class space    used 6010K, committed 6400K, reserved 1048576K
}
Event: 2.581 GC heap after
{Heap after GC invocations=11 (full 0):
 garbage-first heap   total 82944K, used 32429K [0x0000000080000000, 0x0000000100000000)
  region size 1024K, 4 young (4096K), 4 survivors (4096K)
 Metaspace       used 43934K, committed 44800K, reserved 1114112K
  class space    used 6010K, committed 6400K, reserved 1048576K
}
Event: 2.921 GC heap before
{Heap before GC invocations=11 (full 0):
 garbage-first heap   total 82944K, used 74413K [0x0000000080000000, 0x0000000100000000)
  region size 1024K, 41 young (41984K), 4 survivors (4096K)
 Metaspace       used 48816K, committed 49856K, reserved 1114112K
  class space    used 6681K, committed 7168K, reserved 1048576K
}
Event: 2.923 GC heap after
{Heap after GC invocations=12 (full 0):
 garbage-first heap   total 82944K, used 34436K [0x0000000080000000, 0x0000000100000000)
  region size 1024K, 4 young (4096K), 4 survivors (4096K)
 Metaspace       used 48816K, committed 49856K, reserved 1114112K
  class space    used 6681K, committed 7168K, reserved 1048576K
}
Event: 3.169 GC heap before
{Heap before GC invocations=12 (full 0):
 garbage-first heap   total 82944K, used 70276K [0x0000000080000000, 0x0000000100000000)
  region size 1024K, 39 young (39936K), 4 survivors (4096K)
 Metaspace       used 53322K, committed 54720K, reserved 1114112K
  class space    used 7441K, committed 8128K, reserved 1048576K
}
Event: 3.172 GC heap after
{Heap after GC invocations=13 (full 0):
 garbage-first heap   total 82944K, used 36688K [0x0000000080000000, 0x0000000100000000)
  region size 1024K, 3 young (3072K), 3 survivors (3072K)
 Metaspace       used 53322K, committed 54720K, reserved 1114112K
  class space    used 7441K, committed 8128K, reserved 1048576K
}
Event: 3.480 GC heap before
{Heap before GC invocations=13 (full 0):
 garbage-first heap   total 82944K, used 71504K [0x0000000080000000, 0x0000000100000000)
  region size 1024K, 37 young (37888K), 3 survivors (3072K)
 Metaspace       used 56799K, committed 58240K, reserved 1114112K
  class space    used 7994K, committed 8704K, reserved 1048576K
}
Event: 3.483 GC heap after
{Heap after GC invocations=14 (full 0):
 garbage-first heap   total 82944K, used 41589K [0x0000000080000000, 0x0000000100000000)
  region size 1024K, 5 young (5120K), 5 survivors (5120K)
 Metaspace       used 56799K, committed 58240K, reserved 1114112K
  class space    used 7994K, committed 8704K, reserved 1048576K
}
Event: 3.487 GC heap before
{Heap before GC invocations=14 (full 0):
 garbage-first heap   total 82944K, used 41589K [0x0000000080000000, 0x0000000100000000)
  region size 1024K, 7 young (7168K), 5 survivors (5120K)
 Metaspace       used 56837K, committed 58304K, reserved 1114112K
  class space    used 8002K, committed 8704K, reserved 1048576K
}
Event: 3.488 GC heap after
{Heap after GC invocations=15 (full 0):
 garbage-first heap   total 82944K, used 43067K [0x0000000080000000, 0x0000000100000000)
  region size 1024K, 2 young (2048K), 2 survivors (2048K)
 Metaspace       used 56837K, committed 58304K, reserved 1114112K
  class space    used 8002K, committed 8704K, reserved 1048576K
}
Event: 3.592 GC heap before
{Heap before GC invocations=16 (full 0):
 garbage-first heap   total 82944K, used 75835K [0x0000000080000000, 0x0000000100000000)
  region size 1024K, 32 young (32768K), 2 survivors (2048K)
 Metaspace       used 58334K, committed 59840K, reserved 1114112K
  class space    used 8134K, committed 8832K, reserved 1048576K
}
Event: 3.593 GC heap after
{Heap after GC invocations=17 (full 0):
 garbage-first heap   total 82944K, used 43070K [0x0000000080000000, 0x0000000100000000)
  region size 1024K, 2 young (2048K), 2 survivors (2048K)
 Metaspace       used 58334K, committed 59840K, reserved 1114112K
  class space    used 8134K, committed 8832K, reserved 1048576K
}
Event: 3.784 GC heap before
{Heap before GC invocations=17 (full 0):
 garbage-first heap   total 82944K, used 73790K [0x0000000080000000, 0x0000000100000000)
  region size 1024K, 32 young (32768K), 2 survivors (2048K)
 Metaspace       used 62592K, committed 64128K, reserved 1114112K
  class space    used 8737K, committed 9472K, reserved 1048576K
}
Event: 3.786 GC heap after
{Heap after GC invocations=18 (full 0):
 garbage-first heap   total 82944K, used 43513K [0x0000000080000000, 0x0000000100000000)
  region size 1024K, 3 young (3072K), 3 survivors (3072K)
 Metaspace       used 62592K, committed 64128K, reserved 1114112K
  class space    used 8737K, committed 9472K, reserved 1048576K
}
Event: 4.023 GC heap before
{Heap before GC invocations=18 (full 0):
 garbage-first heap   total 82944K, used 74233K [0x0000000080000000, 0x0000000100000000)
  region size 1024K, 33 young (33792K), 3 survivors (3072K)
 Metaspace       used 66443K, committed 68032K, reserved 1114112K
  class space    used 9351K, committed 10112K, reserved 1048576K
}
Event: 4.025 GC heap after
{Heap after GC invocations=19 (full 0):
 garbage-first heap   total 100352K, used 46116K [0x0000000080000000, 0x0000000100000000)
  region size 1024K, 5 young (5120K), 5 survivors (5120K)
 Metaspace       used 66443K, committed 68032K, reserved 1114112K
  class space    used 9351K, committed 10112K, reserved 1048576K
}

Dll operation events (3 events):
Event: 0.005 Loaded shared library C:\Program Files\Android\Android Studio\jbr\bin\java.dll
Event: 0.008 Loaded shared library C:\Program Files\Android\Android Studio\jbr\bin\zip.dll
Event: 0.327 Loaded shared library C:\Program Files\Android\Android Studio\jbr\bin\verify.dll

Deoptimization events (20 events):
Event: 4.116 Thread 0x000001f732a58ca0 Uncommon trap: trap_request=0xffffffde fr.pc=0x000001f7201bf4ec relative=0x00000000000062ac
Event: 4.116 Thread 0x000001f732a58ca0 Uncommon trap: reason=class_check action=maybe_recompile pc=0x000001f7201bf4ec method=java.net.URLClassLoader.defineClass(Ljava/lang/String;Ljdk/internal/loader/Resource;)Ljava/lang/Class; @ 34 c2
Event: 4.116 Thread 0x000001f732a58ca0 DEOPT PACKING pc=0x000001f7201bf4ec sp=0x000000bb6cbf88a0
Event: 4.116 Thread 0x000001f732a58ca0 DEOPT UNPACKING pc=0x000001f71fa646a2 sp=0x000000bb6cbf8678 mode 2
Event: 4.117 Thread 0x000001f732a58ca0 Uncommon trap: trap_request=0xffffffde fr.pc=0x000001f7201bf4ec relative=0x00000000000062ac
Event: 4.117 Thread 0x000001f732a58ca0 Uncommon trap: reason=class_check action=maybe_recompile pc=0x000001f7201bf4ec method=java.net.URLClassLoader.defineClass(Ljava/lang/String;Ljdk/internal/loader/Resource;)Ljava/lang/Class; @ 34 c2
Event: 4.117 Thread 0x000001f732a58ca0 DEOPT PACKING pc=0x000001f7201bf4ec sp=0x000000bb6cbf88a0
Event: 4.117 Thread 0x000001f732a58ca0 DEOPT UNPACKING pc=0x000001f71fa646a2 sp=0x000000bb6cbf8678 mode 2
Event: 4.118 Thread 0x000001f732a58ca0 Uncommon trap: trap_request=0xffffffde fr.pc=0x000001f7201b0b6c relative=0x0000000000004f2c
Event: 4.118 Thread 0x000001f732a58ca0 Uncommon trap: reason=class_check action=maybe_recompile pc=0x000001f7201b0b6c method=java.net.URLClassLoader.defineClass(Ljava/lang/String;Ljdk/internal/loader/Resource;)Ljava/lang/Class; @ 34 c2
Event: 4.118 Thread 0x000001f732a58ca0 DEOPT PACKING pc=0x000001f7201b0b6c sp=0x000000bb6cbf8800
Event: 4.118 Thread 0x000001f732a58ca0 DEOPT UNPACKING pc=0x000001f71fa646a2 sp=0x000000bb6cbf8720 mode 2
Event: 4.118 Thread 0x000001f732a58ca0 Uncommon trap: trap_request=0xffffffde fr.pc=0x000001f7201d4e1c relative=0x0000000000004f3c
Event: 4.118 Thread 0x000001f732a58ca0 Uncommon trap: reason=class_check action=maybe_recompile pc=0x000001f7201d4e1c method=java.net.URLClassLoader.defineClass(Ljava/lang/String;Ljdk/internal/loader/Resource;)Ljava/lang/Class; @ 34 c2
Event: 4.118 Thread 0x000001f732a58ca0 DEOPT PACKING pc=0x000001f7201d4e1c sp=0x000000bb6cbf8790
Event: 4.118 Thread 0x000001f732a58ca0 DEOPT UNPACKING pc=0x000001f71fa646a2 sp=0x000000bb6cbf8718 mode 2
Event: 4.127 Thread 0x000001f732a58ca0 DEOPT PACKING pc=0x000001f7184e9fd7 sp=0x000000bb6cbf85d0
Event: 4.127 Thread 0x000001f732a58ca0 DEOPT UNPACKING pc=0x000001f71fa64e42 sp=0x000000bb6cbf7a70 mode 0
Event: 4.163 Thread 0x000001f732a58ca0 DEOPT PACKING pc=0x000001f7184e9fd7 sp=0x000000bb6cbf60d0
Event: 4.163 Thread 0x000001f732a58ca0 DEOPT UNPACKING pc=0x000001f71fa64e42 sp=0x000000bb6cbf5570 mode 0

Classes loaded (20 events):
Event: 4.089 Loading class java/io/ObjectStreamClass$FieldReflector
Event: 4.089 Loading class java/io/ObjectStreamClass$FieldReflector done
Event: 4.090 Loading class java/io/ObjectStreamClass$1
Event: 4.090 Loading class java/io/ObjectStreamClass$1 done
Event: 4.090 Loading class java/io/ObjectStreamClass$MemberSignature
Event: 4.090 Loading class java/io/ObjectStreamClass$MemberSignature done
Event: 4.090 Loading class java/io/ObjectStreamClass$3
Event: 4.090 Loading class java/io/ObjectStreamClass$3 done
Event: 4.090 Loading class java/io/ObjectStreamClass$4
Event: 4.090 Loading class java/io/ObjectStreamClass$4 done
Event: 4.090 Loading class java/io/ObjectStreamClass$5
Event: 4.090 Loading class java/io/ObjectStreamClass$5 done
Event: 4.091 Loading class java/io/ObjectStreamClass$ClassDataSlot
Event: 4.091 Loading class java/io/ObjectStreamClass$ClassDataSlot done
Event: 4.094 Loading class java/io/SerialCallbackContext
Event: 4.095 Loading class java/io/SerialCallbackContext done
Event: 4.108 Loading class java/lang/invoke/SerializedLambda$1
Event: 4.108 Loading class java/lang/invoke/SerializedLambda$1 done
Event: 4.163 Loading class java/util/DualPivotQuicksort
Event: 4.164 Loading class java/util/DualPivotQuicksort done

Classes unloaded (0 events):
No events

Classes redefined (0 events):
No events

Internal exceptions (20 events):
Event: 3.842 Thread 0x000001f732a58ca0 Exception <a 'sun/nio/fs/WindowsException'{0x000000008e53d358}> (0x000000008e53d358) 
thrown [s\src\hotspot\share\prims\jni.cpp, line 537]
Event: 3.915 Thread 0x000001f732a58ca0 Exception <a 'java/lang/NoSuchMethodError'{0x00000000842f7af0}: 'void java.lang.invoke.DirectMethodHandle$Holder.invokeStatic(java.lang.Object, java.lang.Object, java.lang.Object, java.lang.Object, java.lang.Object, java.lang.Object, java.lang.Object)'> (0x00000000842f7af0) 
thrown [s\src\hotspot\share\interpreter\linkResolver.cpp, line 784]
Event: 4.075 Thread 0x000001f732a58ca0 Exception <a 'java/lang/NoSuchMethodError'{0x000000008e689c08}: 'void java.lang.invoke.DelegatingMethodHandle$Holder.reinvoke_L(java.lang.Object, java.lang.Object, int)'> (0x000000008e689c08) 
thrown [s\src\hotspot\share\interpreter\linkResolver.cpp, line 784]
Event: 4.075 Thread 0x000001f732a58ca0 Exception <a 'java/lang/NoSuchMethodError'{0x000000008e690f70}: 'int java.lang.invoke.Invokers$Holder.invokeExact_MT(java.lang.Object, java.lang.Object, java.lang.Object)'> (0x000000008e690f70) 
thrown [s\src\hotspot\share\interpreter\linkResolver.cpp, line 784]
Event: 4.077 Thread 0x000001f732a58ca0 Exception <a 'java/lang/NoSuchMethodError'{0x000000008e6b1590}: 'void java.lang.invoke.DelegatingMethodHandle$Holder.reinvoke_L(java.lang.Object, java.lang.Object, long)'> (0x000000008e6b1590) 
thrown [s\src\hotspot\share\interpreter\linkResolver.cpp, line 784]
Event: 4.077 Thread 0x000001f732a58ca0 Exception <a 'java/lang/NoSuchMethodError'{0x000000008e6b8b10}: 'long java.lang.invoke.Invokers$Holder.invokeExact_MT(java.lang.Object, java.lang.Object, java.lang.Object)'> (0x000000008e6b8b10) 
thrown [s\src\hotspot\share\interpreter\linkResolver.cpp, line 784]
Event: 4.090 Thread 0x000001f732d195a0 Exception <a 'java/lang/NoSuchMethodError'{0x000000008e4a23d8}: static Lorg/gradle/internal/build/event/types/DefaultOperationStartedProgressEvent;.<clinit>()V> (0x000000008e4a23d8) 
thrown [s\src\hotspot\share\prims\jni.cpp, line 1144]
Event: 4.091 Thread 0x000001f732d195a0 Exception <a 'java/lang/NoSuchMethodError'{0x000000008e4a5310}: static Lorg/gradle/internal/build/event/types/AbstractProgressEvent;.<clinit>()V> (0x000000008e4a5310) 
thrown [s\src\hotspot\share\prims\jni.cpp, line 1144]
Event: 4.092 Thread 0x000001f732d195a0 Exception <a 'java/lang/NoSuchMethodError'{0x000000008e4baa70}: static Lorg/gradle/internal/build/event/types/DefaultProjectConfigurationDescriptor;.<clinit>()V> (0x000000008e4baa70) 
thrown [s\src\hotspot\share\prims\jni.cpp, line 1144]
Event: 4.092 Thread 0x000001f732d195a0 Exception <a 'java/lang/NoSuchMethodError'{0x000000008e4bd930}: static Lorg/gradle/internal/build/event/types/DefaultOperationDescriptor;.<clinit>()V> (0x000000008e4bd930) 
thrown [s\src\hotspot\share\prims\jni.cpp, line 1144]
Event: 4.093 Thread 0x000001f732d195a0 Exception <a 'java/lang/NoSuchMethodError'{0x000000008e4c2058}: 'long java.lang.invoke.DirectMethodHandle$Holder.invokeSpecial(java.lang.Object, java.lang.Object)'> (0x000000008e4c2058) 
thrown [s\src\hotspot\share\interpreter\linkResolver.cpp, line 784]
Event: 4.093 Thread 0x000001f732d195a0 Exception <a 'java/lang/NoSuchMethodError'{0x000000008e4c6030}: 'long java.lang.invoke.Invokers$Holder.invokeExact_MT(java.lang.Object, java.lang.Object)'> (0x000000008e4c6030) 
thrown [s\src\hotspot\share\interpreter\linkResolver.cpp, line 784]
Event: 4.094 Thread 0x000001f732d195a0 Exception <a 'java/lang/NoSuchMethodError'{0x000000008e30f338}: static Lorg/gradle/internal/operations/OperationIdentifier;.<clinit>()V> (0x000000008e30f338) 
thrown [s\src\hotspot\share\prims\jni.cpp, line 1144]
Event: 4.103 Thread 0x000001f732a58ca0 Exception <a 'java/lang/NoSuchMethodError'{0x000000008e225548}: 'void java.lang.invoke.Invokers$Holder.invokeExact_MT(java.lang.Object, java.lang.Object, java.lang.Object, java.lang.Object)'> (0x000000008e225548) 
thrown [s\src\hotspot\share\interpreter\linkResolver.cpp, line 784]
Event: 4.104 Thread 0x000001f732a58ca0 Exception <a 'java/lang/ClassNotFoundException'{0x000000008e262670}: org/gradle/internal/serialize/codecs/core/ClosureCodec$BrokenScriptBeanInfo> (0x000000008e262670) 
thrown [s\src\hotspot\share\classfile\systemDictionary.cpp, line 312]
Event: 4.104 Thread 0x000001f732a58ca0 Exception <a 'java/lang/ClassNotFoundException'{0x000000008e271198}: org/gradle/internal/serialize/codecs/core/ClosureCodec$BrokenScriptCustomizer> (0x000000008e271198) 
thrown [s\src\hotspot\share\classfile\systemDictionary.cpp, line 312]
Event: 4.105 Thread 0x000001f732a58ca0 Exception <a 'java/lang/ClassNotFoundException'{0x000000008e28b520}: org/gradle/api/invocation/GradleBeanInfo> (0x000000008e28b520) 
thrown [s\src\hotspot\share\classfile\systemDictionary.cpp, line 312]
Event: 4.105 Thread 0x000001f732a58ca0 Exception <a 'java/lang/ClassNotFoundException'{0x000000008e297530}: org/gradle/api/invocation/GradleCustomizer> (0x000000008e297530) 
thrown [s\src\hotspot\share\classfile\systemDictionary.cpp, line 312]
Event: 4.107 Thread 0x000001f732a58ca0 Exception <a 'java/lang/NoSuchMethodError'{0x000000008e2b9d78}: 'void java.lang.invoke.Invokers$Holder.invokeExact_MT(java.lang.Object, java.lang.Object, int, java.lang.Object)'> (0x000000008e2b9d78) 
thrown [s\src\hotspot\share\interpreter\linkResolver.cpp, line 784]
Event: 4.109 Thread 0x000001f732a58ca0 Exception <a 'java/lang/NoSuchMethodError'{0x000000008e2eb950}: 'void java.lang.invoke.Invokers$Holder.invokeExact_MT(java.lang.Object, java.lang.Object, long, java.lang.Object)'> (0x000000008e2eb950) 
thrown [s\src\hotspot\share\interpreter\linkResolver.cpp, line 784]

ZGC Phase Switch (0 events):
No events

VM Operations (20 events):
Event: 3.592 Executing VM operation: G1CollectForAllocation (G1 Evacuation Pause)
Event: 3.593 Executing VM operation: G1CollectForAllocation (G1 Evacuation Pause) done
Event: 3.784 Executing VM operation: G1CollectForAllocation (G1 Evacuation Pause)
Event: 3.786 Executing VM operation: G1CollectForAllocation (G1 Evacuation Pause) done
Event: 3.928 Executing VM operation: ICBufferFull
Event: 3.928 Executing VM operation: ICBufferFull done
Event: 3.930 Executing VM operation: HandshakeAllThreads (Deoptimize)
Event: 3.930 Executing VM operation: HandshakeAllThreads (Deoptimize) done
Event: 3.973 Executing VM operation: HandshakeAllThreads (Deoptimize)
Event: 3.973 Executing VM operation: HandshakeAllThreads (Deoptimize) done
Event: 4.023 Executing VM operation: G1CollectForAllocation (G1 Evacuation Pause)
Event: 4.025 Executing VM operation: G1CollectForAllocation (G1 Evacuation Pause) done
Event: 4.043 Executing VM operation: HandshakeAllThreads (Deoptimize)
Event: 4.043 Executing VM operation: HandshakeAllThreads (Deoptimize) done
Event: 4.046 Executing VM operation: G1PauseRemark
Event: 4.048 Executing VM operation: G1PauseRemark done
Event: 4.056 Executing VM operation: G1PauseCleanup
Event: 4.056 Executing VM operation: G1PauseCleanup done
Event: 4.090 Executing VM operation: HandshakeAllThreads (Deoptimize)
Event: 4.090 Executing VM operation: HandshakeAllThreads (Deoptimize) done

Memory protections (0 events):
No events

Nmethod flushes (20 events):
Event: 4.048 Thread 0x000001f72cb3d200 flushing  nmethod 0x000001f71874fc10
Event: 4.048 Thread 0x000001f72cb3d200 flushing  nmethod 0x000001f7187c2a10
Event: 4.048 Thread 0x000001f72cb3d200 flushing  nmethod 0x000001f71880d110
Event: 4.048 Thread 0x000001f72cb3d200 flushing  nmethod 0x000001f718811e10
Event: 4.048 Thread 0x000001f72cb3d200 flushing  nmethod 0x000001f718812410
Event: 4.048 Thread 0x000001f72cb3d200 flushing  nmethod 0x000001f718863f90
Event: 4.048 Thread 0x000001f72cb3d200 flushing  nmethod 0x000001f71886b810
Event: 4.048 Thread 0x000001f72cb3d200 flushing  nmethod 0x000001f718912610
Event: 4.048 Thread 0x000001f72cb3d200 flushing  nmethod 0x000001f7189bfd10
Event: 4.048 Thread 0x000001f72cb3d200 flushing  nmethod 0x000001f7189c0a90
Event: 4.048 Thread 0x000001f72cb3d200 flushing  nmethod 0x000001f7189c1490
Event: 4.048 Thread 0x000001f72cb3d200 flushing  nmethod 0x000001f7189c1c90
Event: 4.048 Thread 0x000001f72cb3d200 flushing  nmethod 0x000001f718a17890
Event: 4.048 Thread 0x000001f72cb3d200 flushing  nmethod 0x000001f718a19e10
Event: 4.048 Thread 0x000001f72cb3d200 flushing  nmethod 0x000001f718a73610
Event: 4.048 Thread 0x000001f72cb3d200 flushing  nmethod 0x000001f718ac0790
Event: 4.048 Thread 0x000001f72cb3d200 flushing  nmethod 0x000001f718ac2090
Event: 4.048 Thread 0x000001f72cb3d200 flushing  nmethod 0x000001f718bf0510
Event: 4.048 Thread 0x000001f72cb3d200 flushing  nmethod 0x000001f718bf1410
Event: 4.048 Thread 0x000001f72cb3d200 flushing  nmethod 0x000001f718c5ed90

Events (20 events):
Event: 2.708 Thread 0x000001f732a58ca0 Thread added: 0x000001f732d1ca20
Event: 2.902 Thread 0x000001f732a58ca0 Thread added: 0x000001f732d1d0b0
Event: 2.946 Thread 0x000001f732a58ca0 Thread added: 0x000001f736752250
Event: 3.287 Thread 0x000001f732a58ca0 Thread added: 0x000001f736751530
Event: 3.288 Thread 0x000001f732a58ca0 Thread added: 0x000001f736751bc0
Event: 3.289 Thread 0x000001f732a58ca0 Thread added: 0x000001f736750ea0
Event: 3.292 Thread 0x000001f732a58ca0 Thread added: 0x000001f736755d60
Event: 3.313 Thread 0x000001f732a58ca0 Thread added: 0x000001f7367528e0
Event: 3.313 Thread 0x000001f732a58ca0 Thread added: 0x000001f736752f70
Event: 3.314 Thread 0x000001f732a58ca0 Thread added: 0x000001f7367563f0
Event: 3.314 Thread 0x000001f732a58ca0 Thread added: 0x000001f736756a80
Event: 3.352 Thread 0x000001f732a58ca0 Thread added: 0x000001f736753600
Event: 3.374 Thread 0x000001f732a58ca0 Thread added: 0x000001f736753c90
Event: 3.391 Thread 0x000001f732a58ca0 Thread added: 0x000001f736757110
Event: 3.391 Thread 0x000001f732a58ca0 Thread added: 0x000001f7367556d0
Event: 3.392 Thread 0x000001f732a58ca0 Thread added: 0x000001f7367577a0
Event: 3.392 Thread 0x000001f732a58ca0 Thread added: 0x000001f7367549b0
Event: 3.402 Thread 0x000001f732a58ca0 Thread added: 0x000001f736754320
Event: 3.413 Thread 0x000001f732a58ca0 Thread added: 0x000001f736755040
Event: 3.418 Thread 0x000001f732a58ca0 Thread added: 0x000001f736757e30


Dynamic libraries:
0x00007ff7939d0000 - 0x00007ff7939da000 	C:\Program Files\Android\Android Studio\jbr\bin\java.exe
0x00007fff123a0000 - 0x00007fff12607000 	C:\WINDOWS\SYSTEM32\ntdll.dll
0x00007fff10de0000 - 0x00007fff10ea9000 	C:\WINDOWS\System32\KERNEL32.DLL
0x00007fff0f960000 - 0x00007fff0fd4f000 	C:\WINDOWS\System32\KERNELBASE.dll
0x00007fff0f750000 - 0x00007fff0f89b000 	C:\WINDOWS\System32\ucrtbase.dll
0x00007ffef0560000 - 0x00007ffef0578000 	C:\Program Files\Android\Android Studio\jbr\bin\jli.dll
0x00007ffefd760000 - 0x00007ffefd77b000 	C:\Program Files\Android\Android Studio\jbr\bin\VCRUNTIME140.dll
0x00007fff10910000 - 0x00007fff10ad5000 	C:\WINDOWS\System32\USER32.dll
0x00007ffefe090000 - 0x00007ffefe323000 	C:\WINDOWS\WinSxS\amd64_microsoft.windows.common-controls_6595b64144ccf1df_6.0.26100.7309_none_3e05feeae336a044\COMCTL32.dll
0x00007fff0f4f0000 - 0x00007fff0f517000 	C:\WINDOWS\System32\win32u.dll
0x00007fff121c0000 - 0x00007fff12269000 	C:\WINDOWS\System32\msvcrt.dll
0x00007fff106b0000 - 0x00007fff106db000 	C:\WINDOWS\System32\GDI32.dll
0x00007fff0fdf0000 - 0x00007fff0ff1c000 	C:\WINDOWS\System32\gdi32full.dll
0x00007fff0f520000 - 0x00007fff0f5c3000 	C:\WINDOWS\System32\msvcp_win.dll
0x00007fff106e0000 - 0x00007fff10711000 	C:\WINDOWS\System32\IMM32.DLL
0x00007fff004c0000 - 0x00007fff004cc000 	C:\Program Files\Android\Android Studio\jbr\bin\vcruntime140_1.dll
0x00007ffed0450000 - 0x00007ffed04dd000 	C:\Program Files\Android\Android Studio\jbr\bin\msvcp140.dll
0x00007ffe66e10000 - 0x00007ffe67aa6000 	C:\Program Files\Android\Android Studio\jbr\bin\server\jvm.dll
0x00007fff122a0000 - 0x00007fff12354000 	C:\WINDOWS\System32\ADVAPI32.dll
0x00007fff12110000 - 0x00007fff121b6000 	C:\WINDOWS\System32\sechost.dll
0x00007fff10590000 - 0x00007fff106a8000 	C:\WINDOWS\System32\RPCRT4.dll
0x00007fff107b0000 - 0x00007fff10824000 	C:\WINDOWS\System32\WS2_32.dll
0x00007fff0f2a0000 - 0x00007fff0f2fe000 	C:\WINDOWS\SYSTEM32\POWRPROF.dll
0x00007fff03df0000 - 0x00007fff03e25000 	C:\WINDOWS\SYSTEM32\WINMM.dll
0x00007fff095f0000 - 0x00007fff095fb000 	C:\WINDOWS\SYSTEM32\VERSION.dll
0x00007fff0f180000 - 0x00007fff0f194000 	C:\WINDOWS\SYSTEM32\UMPDC.dll
0x00007fff0e2a0000 - 0x00007fff0e2bb000 	C:\WINDOWS\SYSTEM32\kernel.appcore.dll
0x00007fff00470000 - 0x00007fff0047a000 	C:\Program Files\Android\Android Studio\jbr\bin\jimage.dll
0x00007ffefe330000 - 0x00007ffefe572000 	C:\WINDOWS\SYSTEM32\DBGHELP.DLL
0x00007fff10fb0000 - 0x00007fff11336000 	C:\WINDOWS\System32\combase.dll
0x00007fff10830000 - 0x00007fff10906000 	C:\WINDOWS\System32\OLEAUT32.dll
0x00007fff0c630000 - 0x00007fff0c66c000 	C:\WINDOWS\SYSTEM32\dbgcore.DLL
0x00007fff10090000 - 0x00007fff10135000 	C:\WINDOWS\System32\bcryptPrimitives.dll
0x00007ffefd940000 - 0x00007ffefd94e000 	C:\Program Files\Android\Android Studio\jbr\bin\instrument.dll
0x00007ffefd280000 - 0x00007ffefd2a0000 	C:\Program Files\Android\Android Studio\jbr\bin\java.dll
0x00007ffefd220000 - 0x00007ffefd238000 	C:\Program Files\Android\Android Studio\jbr\bin\zip.dll
0x00007fff119b0000 - 0x00007fff12103000 	C:\WINDOWS\System32\SHELL32.dll
0x00007fff0ff20000 - 0x00007fff1008a000 	C:\WINDOWS\System32\wintypes.dll
0x00007fff0d130000 - 0x00007fff0d98e000 	C:\WINDOWS\SYSTEM32\windows.storage.dll
0x00007fff10eb0000 - 0x00007fff10fa5000 	C:\WINDOWS\System32\SHCORE.dll
0x00007fff117d0000 - 0x00007fff11836000 	C:\WINDOWS\System32\shlwapi.dll
0x00007fff0f410000 - 0x00007fff0f439000 	C:\WINDOWS\SYSTEM32\profapi.dll
0x00007fff00440000 - 0x00007fff00450000 	C:\Program Files\Android\Android Studio\jbr\bin\net.dll
0x00007fff08bb0000 - 0x00007fff08cd8000 	C:\WINDOWS\SYSTEM32\WINHTTP.dll
0x00007fff0e810000 - 0x00007fff0e87b000 	C:\WINDOWS\system32\mswsock.dll
0x00007ffefcf00000 - 0x00007ffefcf16000 	C:\Program Files\Android\Android Studio\jbr\bin\nio.dll
0x00007ffefd590000 - 0x00007ffefd5a0000 	C:\Program Files\Android\Android Studio\jbr\bin\verify.dll
0x00007ffef6da0000 - 0x00007ffef6dc7000 	C:\Users\ajays\.gradle\native\1def1411415f61bf3af743bc5b6707747c0891f09f0c88961ee8f79bc544acac\windows-amd64\native-platform.dll
0x00007ffed0280000 - 0x00007ffed02f8000 	C:\Users\ajays\.gradle\native\0.2.7\x86_64-windows-gnu\gradle-fileevents.dll
0x00007ffefd920000 - 0x00007ffefd929000 	C:\Program Files\Android\Android Studio\jbr\bin\management.dll
0x00007ffefd890000 - 0x00007ffefd89b000 	C:\Program Files\Android\Android Studio\jbr\bin\management_ext.dll
0x00007fff12290000 - 0x00007fff12298000 	C:\WINDOWS\System32\PSAPI.DLL
0x00007fff0dcb0000 - 0x00007fff0dce4000 	C:\WINDOWS\SYSTEM32\IPHLPAPI.DLL
0x00007fff10350000 - 0x00007fff1035a000 	C:\WINDOWS\System32\NSI.dll
0x00007ffefddd0000 - 0x00007ffefddd9000 	C:\Program Files\Android\Android Studio\jbr\bin\extnet.dll
0x00007fff0ead0000 - 0x00007fff0eaeb000 	C:\WINDOWS\SYSTEM32\CRYPTSP.dll
0x00007fff0e200000 - 0x00007fff0e23a000 	C:\WINDOWS\system32\rsaenh.dll
0x00007fff0e8c0000 - 0x00007fff0e8eb000 	C:\WINDOWS\SYSTEM32\USERENV.dll
0x00007fff0f3e0000 - 0x00007fff0f40a000 	C:\WINDOWS\SYSTEM32\bcrypt.dll
0x00007fff0eaf0000 - 0x00007fff0eafc000 	C:\WINDOWS\SYSTEM32\CRYPTBASE.dll
0x00007ffeb18c0000 - 0x00007ffeb18c8000 	C:\WINDOWS\system32\wshunix.dll

JVMTI agents:
C:\Users\ajays\.gradle\wrapper\dists\gradle-8.13-bin\5xuhj0ry160q40clulazy9h7d\gradle-8.13\lib\agents\gradle-instrumentation-agent-8.13.jar path:C:\Program Files\Android\Android Studio\jbr\bin\instrument.dll, loaded, initialized, instrumentlib options:none

dbghelp: loaded successfully - version: 4.0.5 - missing functions: none
symbol engine: initialized successfully - sym options: 0x614 - pdb path: .;C:\Program Files\Android\Android Studio\jbr\bin;C:\WINDOWS\SYSTEM32;C:\WINDOWS\WinSxS\amd64_microsoft.windows.common-controls_6595b64144ccf1df_6.0.26100.7309_none_3e05feeae336a044;C:\Program Files\Android\Android Studio\jbr\bin\server;C:\Users\ajays\.gradle\native\1def1411415f61bf3af743bc5b6707747c0891f09f0c88961ee8f79bc544acac\windows-amd64;C:\Users\ajays\.gradle\native\0.2.7\x86_64-windows-gnu

VM Arguments:
jvm_args: --add-opens=java.base/java.lang=ALL-UNNAMED --add-opens=java.base/java.lang.invoke=ALL-UNNAMED --add-opens=java.base/java.util=ALL-UNNAMED --add-opens=java.prefs/java.util.prefs=ALL-UNNAMED --add-exports=jdk.compiler/com.sun.tools.javac.api=ALL-UNNAMED --add-exports=jdk.compiler/com.sun.tools.javac.util=ALL-UNNAMED --add-opens=java.base/java.util=ALL-UNNAMED --add-opens=java.prefs/java.util.prefs=ALL-UNNAMED --add-opens=java.base/java.nio.charset=ALL-UNNAMED --add-opens=java.base/java.net=ALL-UNNAMED --add-opens=java.base/java.util.concurrent.atomic=ALL-UNNAMED --add-opens=java.xml/javax.xml.namespace=ALL-UNNAMED -Xmx2048m -Dfile.encoding=UTF-8 -Duser.country=US -Duser.language=en -Duser.variant -javaagent:C:\Users\ajays\.gradle\wrapper\dists\gradle-8.13-bin\5xuhj0ry160q40clulazy9h7d\gradle-8.13\lib\agents\gradle-instrumentation-agent-8.13.jar 
java_command: org.gradle.launcher.daemon.bootstrap.GradleDaemon 8.13
java_class_path (initial): C:\Users\ajays\.gradle\wrapper\dists\gradle-8.13-bin\5xuhj0ry160q40clulazy9h7d\gradle-8.13\lib\gradle-daemon-main-8.13.jar
Launcher Type: SUN_STANDARD

[Global flags]
     intx CICompilerCount                          = 4                                         {product} {ergonomic}
     uint ConcGCThreads                            = 2                                         {product} {ergonomic}
     uint G1ConcRefinementThreads                  = 8                                         {product} {ergonomic}
   size_t G1HeapRegionSize                         = 1048576                                   {product} {ergonomic}
    uintx GCDrainStackTargetSize                   = 64                                        {product} {ergonomic}
   size_t InitialHeapSize                          = 266338304                                 {product} {ergonomic}
   size_t MarkStackSize                            = 4194304                                   {product} {ergonomic}
   size_t MaxHeapSize                              = 2147483648                                {product} {command line}
   size_t MaxNewSize                               = 1287651328                                {product} {ergonomic}
   size_t MinHeapDeltaBytes                        = 1048576                                   {product} {ergonomic}
   size_t MinHeapSize                              = 8388608                                   {product} {ergonomic}
    uintx NonNMethodCodeHeapSize                   = 5839372                                {pd product} {ergonomic}
    uintx NonProfiledCodeHeapSize                  = 122909434                              {pd product} {ergonomic}
    uintx ProfiledCodeHeapSize                     = 122909434                              {pd product} {ergonomic}
    uintx ReservedCodeCacheSize                    = 251658240                              {pd product} {ergonomic}
     bool SegmentedCodeCache                       = true                                      {product} {ergonomic}
   size_t SoftMaxHeapSize                          = 2147483648                             {manageable} {ergonomic}
     bool UseCompressedOops                        = true                           {product lp64_product} {ergonomic}
     bool UseG1GC                                  = true                                      {product} {ergonomic}
     bool UseLargePagesIndividualAllocation        = false                                  {pd product} {ergonomic}

Logging:
Log output configuration:
 #0: stdout all=warning uptime,level,tags foldmultilines=false
 #1: stderr all=off uptime,level,tags foldmultilines=false

Environment Variables:
JAVA_HOME=C:\Program Files\Android\Android Studio\jbr
PATH=C:\Python314\Scripts\;C:\Python314\;C:\Program Files\Android\Android Studio\jbr\bin;%PATH%;C:\ProgramData\chocolatey\bin;C:\Program Files\nodejs\;C:\Users\ajays\.pyenv\pyenv-win\bin;C:\Users\ajays\.pyenv\pyenv-win\shims;C:\Users\ajays\AppData\Local\Programs\Python\Python313\Scripts\;C:\Users\ajays\AppData\Local\Programs\Python\Python313\;C:\WINDOWS\system32;C:\WINDOWS;C:\WINDOWS\System32\Wbem;C:\WINDOWS\System32\WindowsPowerShell\v1.0\;C:\WINDOWS\System32\OpenSSH\;C:\Users\ajays\AppData\Local\Android\Sdk\platform-tools;C:\Users\ajays\AppData\Local\Android\Sdk\tools;C:\Program Files (x86)\NVIDIA Corporation\PhysX\Common;C:\Program Files\NVIDIA Corporation\NVIDIA NvDLISR;C:\Users\ajays\AppData\Local\Microsoft\WindowsApps;C:\Users\ajays\AppData\Local\Programs\Microsoft VS Code\bin;C:\Program Files\Git\cmd;C:\ProgramData\miniconda3\Scripts;C:\Users\ajays\AppData\Local\Microsoft\WinGet\Packages\Genymobile.scrcpy_Microsoft.Winget.Source_8wekyb3d8bbwe\scrcpy-win64-v3.3.3;C:\Users\ajays\AppData\Roaming\npm
USERNAME=ajays
OS=Windows_NT
PROCESSOR_IDENTIFIER=Intel64 Family 6 Model 151 Stepping 5, GenuineIntel
TMP=C:\Users\ajays\AppData\Local\Temp
TEMP=C:\Users\ajays\AppData\Local\Temp




Periodic native trim disabled

JNI global refs:
JNI global refs: 26, weak refs: 0

JNI global refs memory usage: 835, weak refs: 833

Process memory usage:
Resident Set Size: 321372K (1% of 16541060K total physical memory with 2606940K free physical memory)

OOME stack traces (most recent first):
Classloader memory used:
Loader org.gradle.internal.classloader.VisitableURLClassLoader                         : 36097K
Loader bootstrap                                                                       : 22968K
Loader org.gradle.initialization.MixInLegacyTypesClassLoader                           : 8921K
Loader jdk.internal.loader.ClassLoaders$PlatformClassLoader                            : 496K
Loader jdk.internal.loader.ClassLoaders$AppClassLoader                                 : 235K
Loader org.gradle.internal.classloader.VisitableURLClassLoader                         : 104K
Loader org.gradle.groovy.scripts.internal.DefaultScriptCompilationHandler$ScriptClassLoader: 101992B
Loader jdk.internal.reflect.DelegatingClassLoader                                      : 69160B
Loader org.gradle.internal.classloader.VisitableURLClassLoader$InstrumentingVisitableURLClassLoader: 18736B
Loader org.codehaus.groovy.runtime.callsite.CallSiteClassLoader                        : 10160B

Classes loaded by more than one classloader:
Class org.gradle.internal.classloader.FilteringClassLoader                            : loaded 2 times (x 105B)
Class org.gradle.internal.classloader.ClassLoaderHierarchy                            : loaded 2 times (x 70B)
Class org.gradle.api.internal.classpath.ManifestUtil                                  : loaded 2 times (x 71B)
Class org.gradle.internal.classloader.DefaultClassLoaderFactory                       : loaded 2 times (x 82B)
Class org.gradle.internal.classloader.ClassLoaderVisitor                              : loaded 2 times (x 76B)
Class org.gradle.api.internal.classpath.EffectiveClassPath                            : loaded 2 times (x 90B)
Class org.gradle.api.internal.DefaultClassPathProvider                                : loaded 2 times (x 76B)
Class [Lorg.gradle.api.internal.ClassPathProvider;                                    : loaded 2 times (x 69B)
Class org.gradle.api.internal.ClassPathProvider                                       : loaded 2 times (x 70B)
Class ijKotlinCoroutineJvmDebugInit1_7tivfiu5uzgnl5vto7u12ucem$_run_closure1          : loaded 2 times (x 139B)
Class org.gradle.internal.service.UnknownServiceException                             : loaded 2 times (x 83B)
Class org.gradle.internal.classpath.TransformedClassPath                              : loaded 2 times (x 96B)
Class org.gradle.internal.classloader.InstrumentingClassLoader                        : loaded 2 times (x 70B)
Class org.gradle.internal.service.ServiceLocator                                      : loaded 2 times (x 70B)
Class org.gradle.internal.InternalTransformer                                         : loaded 2 times (x 70B)
Class org.gradle.internal.classloader.ClasspathUtil$1                                 : loaded 2 times (x 76B)
Class org.gradle.api.internal.classpath.DefaultModuleRegistry$DefaultModule           : loaded 2 times (x 86B)
Class org.gradle.api.internal.classpath.Module                                        : loaded 2 times (x 70B)
Class org.gradle.api.internal.classpath.UnknownModuleException                        : loaded 2 times (x 82B)
Class org.gradle.api.internal.DefaultClassPathRegistry                                : loaded 2 times (x 76B)
Class org.gradle.api.internal.ClassPathRegistry                                       : loaded 2 times (x 70B)
Class org.gradle.internal.classpath.DefaultClassPath$ImmutableUniqueList              : loaded 2 times (x 199B)
Class Settings_gradle$1                                                               : loaded 2 times (x 74B)
Class Program                                                                         : loaded 2 times (x 72B)
Class org.gradle.internal.classpath.ClassPath                                         : loaded 2 times (x 70B)
Class org.gradle.api.UncheckedIOException                                             : loaded 2 times (x 82B)
Class ijJvmDebugger1_yyhdw0yy96rttrjc51vedtah$_run_closure1                           : loaded 2 times (x 139B)
Class org.gradle.internal.installation.GradleInstallation$1                           : loaded 2 times (x 75B)
Class org.gradle.api.internal.classpath.ModuleRegistry                                : loaded 2 times (x 70B)
Class org.gradle.api.internal.classpath.DefaultModuleRegistry                         : loaded 2 times (x 86B)
Class org.gradle.internal.service.ServiceLookupException                              : loaded 2 times (x 82B)
Class org.gradle.internal.classloader.ClassLoaderFactory                              : loaded 2 times (x 70B)
Class org.gradle.internal.service.CachingServiceLocator                               : loaded 2 times (x 82B)
Class org.gradle.internal.classloader.ClasspathUtil                                   : loaded 2 times (x 71B)
Class org.gradle.api.specs.Spec                                                       : loaded 2 times (x 70B)
Class ijKotlinCoroutineJvmDebugInit1_7tivfiu5uzgnl5vto7u12ucem                        : loaded 2 times (x 179B)
Class ijJvmDebugger1_yyhdw0yy96rttrjc51vedtah                                         : loaded 2 times (x 179B)
Class org.gradle.internal.classloader.VisitableURLClassLoader$InstrumentingVisitableURLClassLoader: loaded 2 times (x 123B)
Class org.gradle.internal.classloader.VisitableURLClassLoader$Spec                    : loaded 2 times (x 74B)
Class org.gradle.internal.classpath.DefaultClassPath                                  : loaded 2 times (x 90B)
Class org.gradle.internal.classloader.ClassLoaderSpec                                 : loaded 2 times (x 71B)
Class Settings_gradle$1$1                                                             : loaded 2 times (x 74B)
Class org.gradle.internal.classloader.VisitableURLClassLoader                         : loaded 2 times (x 117B)
Class Settings_gradle                                                                 : loaded 2 times (x 128B)
Class org.gradle.internal.Cast                                                        : loaded 2 times (x 71B)
Class org.gradle.api.Action                                                           : loaded 2 times (x 70B)
Class org.gradle.internal.classpath.DefaultClassPath$ImmutableUniqueList$Builder      : loaded 2 times (x 75B)
Class org.gradle.api.GradleException                                                  : loaded 2 times (x 82B)
Class org.gradle.internal.IoActions                                                   : loaded 2 times (x 71B)
Class org.gradle.internal.classloader.SystemClassLoaderSpec                           : loaded 2 times (x 71B)
Class org.gradle.api.internal.classpath.GlobalCacheRootsProvider                      : loaded 2 times (x 70B)
Class org.gradle.internal.installation.CurrentGradleInstallationLocator               : loaded 2 times (x 71B)
Class org.gradle.internal.service.DefaultServiceLocator                               : loaded 2 times (x 83B)
Class org.gradle.internal.installation.CurrentGradleInstallation                      : loaded 2 times (x 73B)
Class org.gradle.util.internal.GUtil                                                  : loaded 2 times (x 71B)
Class org.gradle.internal.installation.GradleInstallation                             : loaded 2 times (x 75B)

---------------  S Y S T E M  ---------------

OS:
 Windows 11 , 64 bit Build 26100 (10.0.26100.7623)
OS uptime: 12 days 7:55 hours

CPU: total 8 (initial active 8) (4 cores per cpu, 2 threads per core) family 6 model 151 stepping 5 microcode 0x38, cx8, cmov, fxsr, ht, mmx, 3dnowpref, sse, sse2, sse3, ssse3, sse4.1, sse4.2, popcnt, lzcnt, tsc, tscinvbit, avx, avx2, aes, erms, clmul, bmi1, bmi2, adx, sha, fma, vzeroupper, clflush, clflushopt, clwb, serialize, rdtscp, rdpid, fsrm, f16c, pku, cet_ibt, cet_ss
Processor Information for the first 8 processors :
  Max Mhz: 3300, Current Mhz: 3300, Mhz Limit: 3300

Memory: 4k page, system-wide physical 16153M (2544M free)
TotalPageFile size 23646M (AvailPageFile size 5M)
current process WorkingSet (physical memory assigned to process): 316M, peak: 316M
current process commit charge ("private bytes"): 357M, peak: 381M

vm_info: OpenJDK 64-Bit Server VM (21.0.8+-14018985-b1038.68) for windows-amd64 JRE (21.0.8+-14018985-b1038.68), built on 2025-08-29T19:56:34Z by "builder" with MS VC++ 16.10 / 16.11 (VS2019)

END.
